Error: duplicate impl in current crate: impl Foo for u32 where [] { }
