Error: impls may overlap:
impl <> Foo < > for (rigid (scalar u32)) where [] { }
impl <ty> Foo < > for ^ty0_0 where [^ty0_0 : Is < >] { }
