Error: failed to prove {@ wf(&!lt_1 !ty_2)} given {}, got {}
