Error: orphan_check(impl CoreTrait for <FooStruct as Unit>::Assoc where [] { })

Caused by:
    failed to prove {@ IsLocal(CoreTrait(<FooStruct as Unit>::Assoc))} given {}, got {}
