Error: orphan_check(impl <> CoreTrait for CoreStruct where [] { })

Caused by:
    failed to prove {@ IsLocal(CoreTrait(CoreStruct))} given {}, got {}
