Error: orphan_check(impl CoreTrait for <CoreStruct as Mirror>::Assoc where [] { })

Caused by:
    failed to prove {@ IsLocal(CoreTrait(<CoreStruct as Mirror>::Assoc))} given {}, got {}
