Error: orphan_check_neg(impl ! CoreTrait for CoreStruct where [] {})

Caused by:
    failed to prove {@ IsLocal(CoreTrait(CoreStruct))} given {}, got {}
