Error: orphan_check(impl <ty> CoreTrait <FooStruct> for ^ty0_0 where [] { })

Caused by:
    failed to prove {@ IsLocal(CoreTrait(!ty_1, FooStruct))} given {}, got {}
